TAP version 13
# Subtest: single-frame reduced-motion rotate and reset keep HTML tags aligned
ok 1 - single-frame reduced-motion rotate and reset keep HTML tags aligned
  ---
  duration_ms: 187.517666
  type: 'test'
  ...
# Subtest: CPU touch handler rotates from canvas and city labels, preserves scroll/pinch and cancels
ok 2 - CPU touch handler rotates from canvas and city labels, preserves scroll/pinch and cancels
  ---
  duration_ms: 134.88625
  type: 'test'
  ...
# Subtest: mouse pointer cancellation and unrelated pointers do not continue a drag
ok 3 - mouse pointer cancellation and unrelated pointers do not continue a drag
  ---
  duration_ms: 75.870917
  type: 'test'
  ...
# Subtest: multi-touch stays blocked until all fingers end, including outside-scene fingers
ok 4 - multi-touch stays blocked until all fingers end, including outside-scene fingers
  ---
  duration_ms: 87.010959
  type: 'test'
  ...
# Subtest: outside-scene second finger and partial touchcancel block the remaining finger
ok 5 - outside-scene second finger and partial touchcancel block the remaining finger
  ---
  duration_ms: 77.209833
  type: 'test'
  ...
# Subtest: long scroll and browser-owned gestures suppress clicks until release
ok 6 - long scroll and browser-owned gestures suppress clicks until release
  ---
  duration_ms: 78.04425
  type: 'test'
  ...
# Subtest: mouse and pen can drag from a city label, ignore unrelated pointers, and reset
ok 7 - mouse and pen can drag from a city label, ignore unrelated pointers, and reset
  ---
  duration_ms: 130.80425
  type: 'test'
  ...
# Subtest: 288×348: all allowed yaw/pitch corners keep the entire model in frame
ok 8 - 288×348: all allowed yaw/pitch corners keep the entire model in frame
  ---
  duration_ms: 251.851542
  type: 'test'
  ...
# Subtest: 330×348: all allowed yaw/pitch corners keep the entire model in frame
ok 9 - 330×348: all allowed yaw/pitch corners keep the entire model in frame
  ---
  duration_ms: 132.213542
  type: 'test'
  ...
# Subtest: 360×370: all allowed yaw/pitch corners keep the entire model in frame
ok 10 - 360×370: all allowed yaw/pitch corners keep the entire model in frame
  ---
  duration_ms: 95.40225
  type: 'test'
  ...
# Subtest: 400×370: all allowed yaw/pitch corners keep the entire model in frame
ok 11 - 400×370: all allowed yaw/pitch corners keep the entire model in frame
  ---
  duration_ms: 100.2345
  type: 'test'
  ...
# Subtest: 570×440: all allowed yaw/pitch corners keep the entire model in frame
ok 12 - 570×440: all allowed yaw/pitch corners keep the entire model in frame
  ---
  duration_ms: 95.196958
  type: 'test'
  ...
# Subtest: 1280×530: all allowed yaw/pitch corners keep the entire model in frame
ok 13 - 1280×530: all allowed yaw/pitch corners keep the entire model in frame
  ---
  duration_ms: 122.213834
  type: 'test'
  ...
1..13
# tests 13
# suites 0
# pass 13
# fail 0
# cancelled 0
# skipped 0
# todo 0
# duration_ms 2025.515167
